// Jest Snapshot v1, https://goo.gl/fbAQLP

exports[`my-page should get the output for my-page 1`] = `"navigation list  2 items •  bullet link Link 1 •  bullet link Link 2 heading level 1 My Page Thank you for visiting my page"`;
